// Jest Snapshot v1, https://goo.gl/fbAQLP

exports[`home <UserProfile /> displays the users name 1`] = `
"<Context>
  <Provider store={{...}}>
    <SafeAreaProvider>
      <RNCSafeAreaView style={{...}} onInsetsChange={[Function]}>
        <RNCSafeAreaView style={{...}} onInsetsChange={[Function]} />
      </RNCSafeAreaView>
    </SafeAreaProvider>
  </Provider>
</Context>"
`;
